// Jest Snapshot v1, https://goo.gl/fbAQLP

exports[`test generate ICS should generate ICS 1`] = `
"BEGIN:VCALENDAR
VERSION:2.0
PRODID:-//Skiff//Skiff Calendar//EN
CALSCALE:GREGORIAN
METHOD:REQUEST
BEGIN:VEVENT
UID:abcd
SEQUENCE:0
DTSTAMP:20210101T000000Z
DTSTART:20210101T000000Z
DTEND:20210102T000000Z
SUMMARY:test
TRANSP:OPAQUE
LOCATION:test
DESCRIPTION:test
ORGANIZER;CN="foo":mailto:foo@skiff.town
ATTENDEE;ROLE=REQ-PARTICIPANT;PARTSTAT=ACCEPTED;RSVP=TRUE;CN="foo":MAILTO:
 foo@skiff.town
ATTENDEE;ROLE=REQ-PARTICIPANT;PARTSTAT=ACCEPTED;RSVP=TRUE;CN="bar":MAILTO:
 bar@skiff.org
BEGIN:VALARM
ACTION:DISPLAY
TRIGGER:-PT10M
DESCRIPTION:test
END:VALARM
STATUS:CONFIRMED
CREATED:20210101T000000Z
LAST-MODIFIED:20210101T000000Z
END:VEVENT
END:VCALENDAR"
`;
